D:\ITI_internship\FPGA\final_project\fp_adder_in_xilinx_platform_studio\implementation\fp_addation_unit.ngc 1702981149
D:/ITI_internship/FPGA/final_project/fp_adder_in_xilinx_platform_studio/implementation/fp_addation_unit_push_buttons_4bits_wrapper.ngc 1702980274
D:/ITI_internship/FPGA/final_project/fp_adder_in_xilinx_platform_studio/implementation/fp_addation_unit_ethernet_lite_wrapper.ngc 1702981068
D:/ITI_internship/FPGA/final_project/fp_adder_in_xilinx_platform_studio/implementation/fp_addation_unit_dip_switches_4bits_wrapper.ngc 1702980643
D:/ITI_internship/FPGA/final_project/fp_adder_in_xilinx_platform_studio/implementation/fp_addation_unit_sysace_compactflash_wrapper.ngc 1702980076
D:/ITI_internship/FPGA/final_project/fp_adder_in_xilinx_platform_studio/implementation/fp_addation_unit_rs232_uart_1_wrapper.ngc 1702980087
D:/ITI_internship/FPGA/final_project/fp_adder_in_xilinx_platform_studio/implementation/fp_addation_unit_proc_sys_reset_0_wrapper.ngc 1702979887
D:/ITI_internship/FPGA/final_project/fp_adder_in_xilinx_platform_studio/implementation/fp_addation_unit_clock_generator_0_wrapper.ngc 1702981038
D:/ITI_internship/FPGA/final_project/fp_adder_in_xilinx_platform_studio/implementation/fp_addation_unit_microblaze_0_ilmb_wrapper.ngc 1702981018
D:/ITI_internship/FPGA/final_project/fp_adder_in_xilinx_platform_studio/implementation/fp_addation_unit_microblaze_0_dlmb_wrapper.ngc 1702981024
D:/ITI_internship/FPGA/final_project/fp_adder_in_xilinx_platform_studio/implementation/fp_addation_unit_mcb_ddr3_wrapper.ngc 1702981062
D:/ITI_internship/FPGA/final_project/fp_adder_in_xilinx_platform_studio/implementation/fp_addation_unit_axi4lite_0_wrapper.ngc 1702981044
D:/ITI_internship/FPGA/final_project/fp_adder_in_xilinx_platform_studio/implementation/fp_addation_unit_axi4_0_wrapper.ngc 1702981050
D:/ITI_internship/FPGA/final_project/fp_adder_in_xilinx_platform_studio/implementation/fp_addation_unit_microblaze_0_wrapper.ngc 1702981031
D:/ITI_internship/FPGA/final_project/fp_adder_in_xilinx_platform_studio/implementation/fp_addation_unit_microblaze_0_i_bram_ctrl_wrapper.ngc 1702979905
D:/ITI_internship/FPGA/final_project/fp_adder_in_xilinx_platform_studio/implementation/fp_addation_unit_microblaze_0_d_bram_ctrl_wrapper.ngc 1702979921
D:/ITI_internship/FPGA/final_project/fp_adder_in_xilinx_platform_studio/implementation/fp_addation_unit_debug_module_wrapper.ngc 1702979997
D:/ITI_internship/FPGA/final_project/fp_adder_in_xilinx_platform_studio/implementation/fp_addation_unit_axi_timer_0_wrapper.ngc 1702980022
D:/ITI_internship/FPGA/final_project/fp_adder_in_xilinx_platform_studio/implementation/fp_addation_unit_qspi_flash_wrapper.ngc 1702981056
D:/ITI_internship/FPGA/final_project/fp_adder_in_xilinx_platform_studio/implementation/fp_addation_unit_leds_4bits_wrapper.ngc 1702980321
D:/ITI_internship/FPGA/final_project/fp_adder_in_xilinx_platform_studio/implementation/fp_addation_unit_iic_sfp_wrapper.ngc 1702980345
D:/ITI_internship/FPGA/final_project/fp_adder_in_xilinx_platform_studio/implementation/fp_addation_unit_iic_eeprom_wrapper.ngc 1702980369
D:/ITI_internship/FPGA/final_project/fp_adder_in_xilinx_platform_studio/implementation/fp_addation_unit_iic_dvi_wrapper.ngc 1702980393
D:/ITI_internship/FPGA/final_project/fp_adder_in_xilinx_platform_studio/implementation/fp_addation_unit_axi_cdma_0_wrapper.ngc 1702981074
D:/ITI_internship/FPGA/final_project/fp_adder_in_xilinx_platform_studio/implementation/fp_addation_unit_axi_cdma_1_wrapper.ngc 1702981081
D:/ITI_internship/FPGA/final_project/fp_adder_in_xilinx_platform_studio/implementation/fp_addation_unit_microblaze_0_bram_block_wrapper.ngc 1702979928
OK
